Microchip MPLAB XC8 Compiler V1.37 ()

Linker command line:

-W-3 --edf=C:\Program Files (x86)\Microchip\xc8\v1.37\dat\en_msgs.txt -cs \
  -h+dist/default/production\ledTimer.production.sym \
  --cmf=dist/default/production\ledTimer.production.cmf -z -Q12F683 \
  -oC:\Users\slava\AppData\Local\Temp\s2e0.2 \
  -Mdist/default/production/ledTimer.production.map -E1 -ver=XC8 \
  -ASTACK=020h-06fh -pstack=STACK -ACODE=00h-07FFh -ASTRCODE=00h-07FFh \
  -ASTRING=00h-0FFhx8 -ACONST=00h-0FFhx8 -AENTRY=00h-0FFhx8 \
  -ACOMMON=070h-07Fh -ABANK0=020h-06Fh -ABANK1=0A0h-0BFh \
  -ARAM=020h-06Fh,0A0h-0BFh -AABS1=020h-07Fh,0A0h-0BFh -ASFR0=00h-01Fh \
  -ASFR1=080h-09Fh -preset_vec=00h,intentry=04h,init,end_init \
  -ppowerup=CODE -pcinit=CODE -pfunctab=CODE -ACONFIG=02007h-02007h \
  -pconfig=CONFIG -DCONFIG=2 -AIDLOC=02000h-02003h -pidloc=IDLOC -DIDLOC=2 \
  -AEEDATA=00h-0FFh/02100h -peeprom_data=EEDATA -DEEDATA=2 -DCODE=2 \
  -DSTRCODE=2 -DSTRING=2 -DCONST=2 -DENTRY=2 -k \
  C:\Users\slava\AppData\Local\Temp\s2e0.obj \
  dist/default/production\ledTimer.production.obj 

Object code version is 3.11

Machine type is 12F683



                Name                               Link     Load   Length Selector   Space Scale
C:\Users\slava\AppData\Local\Temp\s2e0.obj
                end_init                              F        F        1        8       0
                reset_vec                             0        0        1        0       0
                config                             2007     2007        1     400E       0
dist/default/production\ledTimer.production.obj
                cinit                                10       10        6        8       0
                functab                             100      100        8        2       0
                intentry                              4        4        B        8       0
                text6                               13D      13D       10        2       0
                text5                               127      127       16        2       0
                text4                               167      167        D        2       0
                text3                               15A      15A        D        2       0
                text2                               174      174        5        2       0
                text1                               14D      14D        D        2       0
                maintext                            108      108       1F        2       0
                cstackCOMMON                         70       70        8       70       1
                dataCOMMON                           7A       7A        1       70       1
                bssCOMMON                            78       78        2       70       1
                idataCOMMON                         179      179        1        2       0

TOTAL           Name                               Link     Load   Length     Space
        CLASS   STACK          

        CLASS   CODE           
                end_init                              F        F        1         0
                cinit                                10       10        6         0
                functab                             100      100        8         0
                intentry                              4        4        B         0
                reset_vec                             0        0        1         0
                text6                               13D      13D       10         0
                text5                               127      127       16         0
                text4                               167      167        D         0
                text3                               15A      15A        D         0
                text2                               174      174        5         0
                text1                               14D      14D        D         0
                maintext                            108      108       1F         0
                idataCOMMON                         179      179        1         0

        CLASS   STRCODE        

        CLASS   STRING         

        CLASS   CONST          

        CLASS   ENTRY          

        CLASS   COMMON         
                cstackCOMMON                         70       70        8         1
                dataCOMMON                           7A       7A        1         1
                bssCOMMON                            78       78        2         1

        CLASS   BANK0          

        CLASS   BANK1          

        CLASS   RAM            

        CLASS   ABS1           
                abs_s1                               7E       7E        2         1

        CLASS   SFR0           

        CLASS   SFR1           

        CLASS   CONFIG         
                config                             2007     2007        1         0

        CLASS   IDLOC          

        CLASS   EEDATA         



SEGMENTS        Name                           Load    Length   Top    Selector   Space  Class     Delta

                reset_vec                      000000  000001  000001         0       0  CODE        2
                intentry                       000004  000012  000016         8       0  CODE        2
                cstackCOMMON                   000070  00000B  00007B        70       1  COMMON      1
                functab                        000100  00007A  00017A         2       0  CODE        2
                config                         002007  000001  002008      400E       0  CONFIG      2


UNUSED ADDRESS RANGES

        Name                Unused          Largest block    Delta
        BANK0            0020-006F             50           1
        BANK1            00A0-00BF             20           1
        CODE             0001-0003              3           2
                         0016-00FF             EA
                         017A-07FF            686
        COMMON           007B-007D              3           1
        CONST            0001-0003              3           2
                         0016-00FF             EA
                         017A-07FF            100
        EEDATA           2100-21FF            100           2
        ENTRY            0001-0003              3           2
                         0016-00FF             EA
                         017A-07FF            100
        IDLOC            2000-2003              4           2
        RAM              0020-006F             50           1
                         00A0-00BF             20
        SFR0             0000-001F             20           1
        SFR1             0080-009F             20           1
        STACK            0020-006F             50           1
        STRCODE          0001-0003              3           2
                         0016-00FF             EA
                         017A-07FF            686
        STRING           0001-0003              3           2
                         0016-00FF             EA
                         017A-07FF            100

                                  Symbol Table

_ADCON0bits                 (abs)        001F
_ANSELbits                  (abs)        009F
_CMCON0                     (abs)        0019
_GP2                        (abs)        002A
_GPIO                       (abs)        0005
_INTCONbits                 (abs)        000B
_OPTION_REGbits             (abs)        0081
_OSCCONbits                 (abs)        008F
_SWDTEN                     (abs)        00C0
_TRISIO                     (abs)        0085
_TRISIO2                    (abs)        042A
_TRISIO3                    (abs)        042B
_WDTPS0                     (abs)        00C1
_WDTPS1                     (abs)        00C2
_WDTPS2                     (abs)        00C3
_WDTPS3                     (abs)        00C4
_WPU2                       (abs)        04AA
__CFG_BOREN$OFF             (abs)        0000
__CFG_CP$OFF                (abs)        0000
__CFG_CPD$OFF               (abs)        0000
__CFG_FCMEN$OFF             (abs)        0000
__CFG_FOSC$INTOSCIO         (abs)        0000
__CFG_IESO$OFF              (abs)        0000
__CFG_MCLRE$OFF             (abs)        0000
__CFG_PWRTE$OFF             (abs)        0000
__CFG_WDTE$OFF              (abs)        0000
__Habs1                     abs1         0000
__Hbank0                    bank0        0000
__Hbank1                    bank1        0000
__HbssCOMMON                bssCOMMON    0000
__Hcinit                    cinit        0016
__Hclrtext                  clrtext      0000
__Hcode                     code         0000
__Hcommon                   common       0000
__Hconfig                   config       2008
__HcstackCOMMON             cstackCOMMON 0000
__HdataCOMMON               dataCOMMON   0000
__Heeprom_data              eeprom_data  0000
__Hend_init                 end_init     0010
__Hfunctab                  functab      0108
__HidataCOMMON              idataCOMMON  0000
__Hidloc                    idloc        0000
__Hinit                     init         000F
__Hintentry                 intentry     000F
__Hmaintext                 maintext     0000
__Hpowerup                  powerup      0000
__Hram                      ram          0000
__Hreset_vec                reset_vec    0001
__Hsfr0                     sfr0         0000
__Hsfr1                     sfr1         0000
__Hspace_0                  (abs)        2008
__Hspace_1                  (abs)        007B
__Hspace_2                  (abs)        0000
__Hspace_3                  (abs)        0000
__Hstack                    stack        0000
__Hstrings                  strings      0000
__Htext                     text         0000
__Labs1                     abs1         0000
__Lbank0                    bank0        0000
__Lbank1                    bank1        0000
__LbssCOMMON                bssCOMMON    0000
__Lcinit                    cinit        0010
__Lclrtext                  clrtext      0000
__Lcode                     code         0000
__Lcommon                   common       0000
__Lconfig                   config       2007
__LcstackCOMMON             cstackCOMMON 0000
__LdataCOMMON               dataCOMMON   0000
__Leeprom_data              eeprom_data  0000
__Lend_init                 end_init     000F
__Lfunctab                  functab      0100
__LidataCOMMON              idataCOMMON  0000
__Lidloc                    idloc        0000
__Linit                     init         000F
__Lintentry                 intentry     0004
__Lmaintext                 maintext     0000
__Lpowerup                  powerup      0000
__Lram                      ram          0000
__Lreset_vec                reset_vec    0000
__Lsfr0                     sfr0         0000
__Lsfr1                     sfr1         0000
__Lspace_0                  (abs)        0000
__Lspace_1                  (abs)        0000
__Lspace_2                  (abs)        0000
__Lspace_3                  (abs)        0000
__Lstack                    stack        0000
__Lstrings                  strings      0000
__Ltext                     text         0000
__S0                        (abs)        2008
__S1                        (abs)        007B
__S2                        (abs)        0000
__S3                        (abs)        0000
___int_sp                   stack        0000
___latbits                  (abs)        0000
___sp                       stack        0000
__end_of__fptable           functab      0108
__end_of__initialization    cinit        0014
__end_of_keyReleased        text3        0167
__end_of_ledOff             text4        0174
__end_of_ledTimer           text1        015A
__end_of_main               maintext     0127
__end_of_tc_int             text6        014D
__end_of_waitForKeyPress    text2        0179
__end_of_waitForKeyRelease  text5        013D
__fptable                   functab      0100
__initialization            cinit        0010
__pbssCOMMON                bssCOMMON    0078
__pcstackCOMMON             cstackCOMMON 0070
__pdataCOMMON               dataCOMMON   007A
__pfunctab                  functab      0100
__pidataCOMMON              idataCOMMON  0179
__pintentry                 intentry     0004
__pmaintext                 maintext     0108
__ptext1                    text1        014D
__ptext2                    text2        0174
__ptext3                    text3        015A
__ptext4                    text4        0167
__ptext5                    text5        0127
__ptext6                    text6        013D
__size_of__fptable          (abs)        0000
__size_of_keyReleased       (abs)        0000
__size_of_ledOff            (abs)        0000
__size_of_ledTimer          (abs)        0000
__size_of_main              (abs)        0000
__size_of_tc_int            (abs)        0000
__size_of_waitForKeyPress   (abs)        0000
__size_of_waitForKeyRelease (abs)        0000
_handler                    dataCOMMON   007A
_keyPressed                 bssCOMMON    0078
_keyReleased                text3        015A
_ledCount                   bssCOMMON    0079
_ledOff                     text4        0167
_ledTimer                   text1        014D
_main                       maintext     0108
_tc_int                     text6        013D
_waitForKeyPress            text2        0174
_waitForKeyRelease          text5        0127
btemp                       (abs)        007E
end_of_initialization       cinit        0014
fpbase                      functab      0105
fptable                     functab      0100
fptotal                     (abs)        0005
interrupt_function          intentry     0004
intlevel0                   functab      0100
intlevel1                   functab      0100
intlevel2                   functab      0100
intlevel3                   functab      0100
intlevel4                   functab      0100
intlevel5                   functab      0100
ltemp                       (abs)        007E
ltemp0                      (abs)        007E
ltemp1                      (abs)        0082
ltemp2                      (abs)        0086
ltemp3                      (abs)        0080
reset_vec                   reset_vec    0000
saved_w                     (abs)        007E
stackhi                     (abs)        0000
stacklo                     (abs)        0000
start                       init         000F
start_initialization        cinit        0010
ttemp                       (abs)        007E
ttemp0                      (abs)        007E
ttemp1                      (abs)        0081
ttemp2                      (abs)        0084
ttemp3                      (abs)        0087
ttemp4                      (abs)        007F
waitForKeyRelease@keyBuf    cstackCOMMON 0075
wtemp                       (abs)        007E
wtemp0                      (abs)        007E
wtemp1                      (abs)        0080
wtemp2                      (abs)        0082
wtemp3                      (abs)        0084
wtemp4                      (abs)        0086
wtemp5                      (abs)        0088
wtemp6                      (abs)        007F


FUNCTION INFORMATION:

 *************** function _main *****************
 Defined at:
		line 92 in file "main.c"
 Parameters:    Size  Location     Type
		None
 Auto vars:     Size  Location     Type
		None
 Return value:  Size  Location     Type
                  1    wreg      void 
 Registers used:
		wreg, status,2, status,0, pclath, cstack
 Tracked objects:
		On entry : 
		On exit  : 
		Unchanged: 
 Data sizes:     COMMON   BANK0   BANK1
      Params:         0       0       0
      Locals:         0       0       0
      Temps:          0       0       0
      Totals:         0       0       0
Total ram usage:        0 bytes
 Hardware stack levels required when called:    4
 This function calls:
		_ledTimer
		_waitForKeyPress
 This function is called by:
		Startup code after reset
 This function uses a non-reentrant model


 *************** function _ledTimer *****************
 Defined at:
		line 44 in file "main.c"
 Parameters:    Size  Location     Type
		None
 Auto vars:     Size  Location     Type
		None
 Return value:  Size  Location     Type
                  1    wreg      void 
 Registers used:
		wreg, status,2, status,0, pclath, cstack
 Tracked objects:
		On entry : 
		On exit  : 
		Unchanged: 
 Data sizes:     COMMON   BANK0   BANK1
      Params:         0       0       0
      Locals:         0       0       0
      Temps:          1       0       0
      Totals:         1       0       0
Total ram usage:        1 bytes
 Hardware stack levels used:    1
 Hardware stack levels required when called:    3
 This function calls:
		_ledOff
 This function is called by:
		_keyReleased
		_main
 This function uses a non-reentrant model


 *************** function _waitForKeyPress *****************
 Defined at:
		line 78 in file "main.c"
 Parameters:    Size  Location     Type
		None
 Auto vars:     Size  Location     Type
		None
 Return value:  Size  Location     Type
                  1    wreg      void 
 Registers used:
		wreg, status,2, status,0, pclath, cstack
 Tracked objects:
		On entry : 
		On exit  : 
		Unchanged: 
 Data sizes:     COMMON   BANK0   BANK1
      Params:         0       0       0
      Locals:         0       0       0
      Temps:          0       0       0
      Totals:         0       0       0
Total ram usage:        0 bytes
 Hardware stack levels used:    1
 Hardware stack levels required when called:    2
 This function calls:
		_keyReleased
		_waitForKeyRelease
 This function is called by:
		_ledOff
		_main
 This function uses a non-reentrant model


 *************** function _keyReleased *****************
 Defined at:
		line 50 in file "main.c"
 Parameters:    Size  Location     Type
		None
 Auto vars:     Size  Location     Type
		None
 Return value:  Size  Location     Type
                  1    wreg      void 
 Registers used:
		wreg, status,2
 Tracked objects:
		On entry : 
		On exit  : 
		Unchanged: 
 Data sizes:     COMMON   BANK0   BANK1
      Params:         0       0       0
      Locals:         0       0       0
      Temps:          1       0       0
      Totals:         1       0       0
Total ram usage:        1 bytes
 Hardware stack levels used:    1
 Hardware stack levels required when called:    1
 This function calls:
		Nothing
 This function is called by:
		_waitForKeyPress
 This function uses a non-reentrant model


 *************** function _ledOff *****************
 Defined at:
		line 30 in file "main.c"
 Parameters:    Size  Location     Type
		None
 Auto vars:     Size  Location     Type
		None
 Return value:  Size  Location     Type
                  1    wreg      void 
 Registers used:
		wreg, status,2, status,0, pclath, cstack
 Tracked objects:
		On entry : 
		On exit  : 
		Unchanged: 
 Data sizes:     COMMON   BANK0   BANK1
      Params:         0       0       0
      Locals:         0       0       0
      Temps:          1       0       0
      Totals:         1       0       0
Total ram usage:        1 bytes
 Hardware stack levels used:    1
 Hardware stack levels required when called:    2
 This function calls:
		_waitForKeyRelease
 This function is called by:
		_ledTimer
 This function uses a non-reentrant model


 *************** function _waitForKeyRelease *****************
 Defined at:
		line 65 in file "main.c"
 Parameters:    Size  Location     Type
		None
 Auto vars:     Size  Location     Type
  keyBuf          1    5[COMMON] unsigned char 
 Return value:  Size  Location     Type
                  1    wreg      void 
 Registers used:
		wreg, status,2, status,0
 Tracked objects:
		On entry : 
		On exit  : 
		Unchanged: 
 Data sizes:     COMMON   BANK0   BANK1
      Params:         0       0       0
      Locals:         1       0       0
      Temps:          1       0       0
      Totals:         2       0       0
Total ram usage:        2 bytes
 Hardware stack levels used:    1
 Hardware stack levels required when called:    1
 This function calls:
		Nothing
 This function is called by:
		_ledOff
		_waitForKeyPress
 This function uses a non-reentrant model


 *************** function _tc_int *****************
 Defined at:
		line 84 in file "main.c"
 Parameters:    Size  Location     Type
		None
 Auto vars:     Size  Location     Type
		None
 Return value:  Size  Location     Type
                  1    wreg      void 
 Registers used:
		None
 Tracked objects:
		On entry : 
		On exit  : 
		Unchanged: 
 Data sizes:     COMMON   BANK0   BANK1
      Params:         0       0       0
      Locals:         0       0       0
      Temps:          4       0       0
      Totals:         4       0       0
Total ram usage:        4 bytes
 Hardware stack levels used:    1
 This function calls:
		Nothing
 This function is called by:
		Interrupt level 1
 This function uses a non-reentrant model



MODULE INFORMATION

Module		Function		Class		Link	Load	Size
shared
		__initialization		CODE           	0010	0000	5
		__fptable      		CODE           	0100	0000	9

shared estimated size: 14

main.c
		_ledOff        		CODE           	0167	0000	14
		_waitForKeyPress		CODE           	0174	0000	6
		_main          		CODE           	0108	0000	32
		_tc_int        		CODE           	013D	0000	17
		_keyReleased   		CODE           	015A	0000	14
		_waitForKeyRelease		CODE           	0127	0000	23
		_ledTimer      		CODE           	014D	0000	14

main.c estimated size: 120

